[laravel.com/docs/5.1/index.html]
[backblue.gif]
[fade.gif]
[index.html]
[laravel.com/build/assets/css/laravel-179fc1a6e3.css]
[laravel.com/favicon.png]
[laravel.com/assets/img/laravel-logo-white.png]
[cdnjs.cloudflare.com/ajax/libs/vue/1.0.26/vue.min.js]
[laravel.com/docs/5.1/releases.html]
[laravel.com/docs/5.1/upgrade.html]
[laravel.com/docs/5.1/contributions.html]
[laravel.com/docs/5.1/installation.html]
[laravel.com/docs/5.1/homestead.html]
[laravel.com/docs/5.1/quickstart.html]
[laravel.com/docs/5.1/quickstart-intermediate.html]
[laravel.com/docs/5.1/routing.html]
[laravel.com/docs/5.1/middleware.html]
[laravel.com/docs/5.1/controllers.html]
[laravel.com/docs/5.1/requests.html]
[laravel.com/docs/5.1/responses.html]
[laravel.com/docs/5.1/views.html]
[laravel.com/docs/5.1/blade.html]
[laravel.com/docs/5.1/lifecycle.html]
[laravel.com/docs/5.1/structure.html]
[laravel.com/docs/5.1/providers.html]
[laravel.com/docs/5.1/container.html]
[laravel.com/docs/5.1/contracts.html]
[laravel.com/docs/5.1/facades.html]
[laravel.com/docs/5.1/authentication.html]
[laravel.com/docs/5.1/authorization.html]
[laravel.com/docs/5.1/artisan.html]
[laravel.com/docs/5.1/billing.html]
[laravel.com/docs/5.1/cache.html]
[laravel.com/docs/5.1/collections.html]
[laravel.com/docs/5.1/elixir.html]
[laravel.com/docs/5.1/encryption.html]
[laravel.com/docs/5.1/errors.html]
[laravel.com/docs/5.1/events.html]
[laravel.com/docs/5.1/filesystem.html]
[laravel.com/docs/5.1/hashing.html]
[laravel.com/docs/5.1/helpers.html]
[laravel.com/docs/5.1/localization.html]
[laravel.com/docs/5.1/mail.html]
[laravel.com/docs/5.1/packages.html]
[laravel.com/docs/5.1/pagination.html]
[laravel.com/docs/5.1/queues.html]
[laravel.com/docs/5.1/redis.html]
[laravel.com/docs/5.1/session.html]
[laravel.com/docs/5.1/envoy.html]
[laravel.com/docs/5.1/scheduling.html]
[laravel.com/docs/5.1/testing.html]
[laravel.com/docs/5.1/validation.html]
[laravel.com/docs/5.1/database.html]
[laravel.com/docs/5.1/queries.html]
[laravel.com/docs/5.1/migrations.html]
[laravel.com/docs/5.1/seeding.html]
[laravel.com/docs/5.1/eloquent.html]
[laravel.com/docs/5.1/eloquent-relationships.html]
[laravel.com/docs/5.1/eloquent-collections.html]
[laravel.com/docs/5.1/eloquent-mutators.html]
[laravel.com/docs/5.1/eloquent-serialization.html]
[laravel.com/assets/img/algolia-logo.png]
[laravel.com/docs/5.1/index.html]
[laravel.com/assets/js/viewport-units-buggyfill.js]
[laravel.com/build/assets/js/laravel-fdb8696856.js]
[laravel.com/assets/img/cloud-bar.png]
[laravel.com/assets/img/forge-flames.jpg]
[laravel.com/assets/img/laracon-bg.jpg]
[laravel.com/assets/img/laravel-tucked.png]
[laravel.com/build/assets/css/laravel-179fc1a6e3.css]
[laravel.com/docs/5.1/bus]
[laravel.com/docs/5.1/releases.html]
[laravel.com/docs/5.1/upgrade.html]
[laravel.com/docs/5.1/contributions.html]
[laravel.com/docs/5.1/installation.html]
[laravel.com/docs/5.1/homestead.html]
[laravel.com/assets/img/quickstart/basic-overview.png]
[laravel.com/docs/5.1/quickstart.html]
[laravel.com/docs/5.1/quickstart-intermediate.html]
[laravel.com/docs/5.1/routing.html]
[laravel.com/docs/5.1/middleware.html]
[laravel.com/docs/5.1/controllers.html]
[laravel.com/docs/5.1/requests.html]
[laravel.com/docs/5.1/responses.html]
[laravel.com/docs/5.1/views.html]
[laravel.com/docs/5.1/blade.html]
[laravel.com/docs/5.1/lifecycle.html]
[laravel.com/docs/5.1/structure.html]
[laravel.com/docs/5.1/providers.html]
[laravel.com/docs/5.1/container.html]
[laravel.com/docs/5.1/contracts.html]
[laravel.com/docs/5.1/facades.html]
[laravel.com/docs/5.1/authentication.html]
[laravel.com/docs/5.1/authorization.html]
[laravel.com/docs/5.1/artisan.html]
[laravel.com/docs/5.1/billing.html]
[laravel.com/docs/5.1/cache.html]
[laravel.com/docs/5.1/collections.html]
[laravel.com/docs/5.1/elixir.html]
[laravel.com/docs/5.1/encryption.html]
[laravel.com/docs/5.1/errors.html]
[laravel.com/docs/5.1/events.html]
[laravel.com/docs/5.1/filesystem.html]
[laravel.com/docs/5.1/hashing.html]
[laravel.com/docs/5.1/helpers.html]
[laravel.com/docs/5.1/localization.html]
[laravel.com/docs/5.1/mail.html]
[laravel.com/docs/5.1/packages.html]
[laravel.com/docs/5.1/pagination.html]
[laravel.com/docs/5.1/queues.html]
[laravel.com/docs/5.1/redis.html]
[laravel.com/docs/5.1/session.html]
[laravel.com/docs/5.1/envoy.html]
[laravel.com/docs/5.1/scheduling.html]
[laravel.com/docs/5.1/testing.html]
[laravel.com/docs/5.1/validation.html]
[laravel.com/docs/5.1/database.html]
[laravel.com/docs/5.1/queries.html]
[laravel.com/docs/5.1/migrations.html]
[laravel.com/docs/5.1/seeding.html]
[laravel.com/docs/5.1/eloquent.html]
[laravel.com/docs/5.1/eloquent-relationships.html]
[laravel.com/docs/5.1/eloquent-collections.html]
[laravel.com/docs/5.1/eloquent-mutators.html]
[laravel.com/docs/5.1/eloquent-serialization.html]
[laravel.com/docs/5.1/bus.html]
